Archive member included to satisfy reference by file (symbol)

/opt/riscv32i/lib/gcc/riscv32-unknown-elf/10.2.0/libgcc.a(_udivdi3.o)
                              rom.o (__udivdi3)
/opt/riscv32i/lib/gcc/riscv32-unknown-elf/10.2.0/libgcc.a(_umoddi3.o)
                              rom.o (__umoddi3)
/opt/riscv32i/lib/gcc/riscv32-unknown-elf/10.2.0/libgcc.a(muldi3.o)
                              /opt/riscv32i/lib/gcc/riscv32-unknown-elf/10.2.0/libgcc.a(_udivdi3.o) (__mulsi3)
/opt/riscv32i/lib/gcc/riscv32-unknown-elf/10.2.0/libgcc.a(div.o)
                              /opt/riscv32i/lib/gcc/riscv32-unknown-elf/10.2.0/libgcc.a(_udivdi3.o) (__divsi3)
/opt/riscv32i/lib/gcc/riscv32-unknown-elf/10.2.0/libgcc.a(_clz.o)
                              /opt/riscv32i/lib/gcc/riscv32-unknown-elf/10.2.0/libgcc.a(_udivdi3.o) (__clz_tab)

Memory Configuration

Name             Origin             Length             Attributes
ROM              0x0000000000000000 0x0000000000004000 xr
RAM              0x0000000080000000 0x0000000000002000 xrw
*default*        0x0000000000000000 0xffffffffffffffff

Linker script and memory map

LOAD crt.o
LOAD rom.o
LOAD tinyprintf.o
                0x0000000000000400                _stack_size = DEFINED (_stack_size)?_stack_size:0x400
                0x0000000000000400                _heap_size = DEFINED (_heap_size)?_heap_size:0x400

._vector        0x0000000000000000      0x2fc
 *crt.o(.start_jump)
 .start_jump    0x0000000000000000       0x28 crt.o
                0x0000000000000000                crtStart
 *crt.o(.text)
 *fill*         0x0000000000000028       0xd8 
 .text          0x0000000000000100      0x1fc crt.o
                0x0000000000000100                trap_entry

.program        0x00000000000002fc     0x16e0
                0x00000000000002fc                . = ALIGN (0x4)
 *(.text)
 .text          0x00000000000002fc      0x210 rom.o
                0x000000000000034c                _putc
                0x0000000000000364                status_timer
                0x000000000000039c                timer_callback
                0x0000000000000430                trap_callback
                0x0000000000000478                init_trap
 .text          0x000000000000050c      0x930 tinyprintf.o
                0x000000000000090c                tfp_format
                0x0000000000000cc0                init_printf
                0x0000000000000cd4                tfp_printf
                0x0000000000000d24                tfp_vsnprintf
                0x0000000000000d88                tfp_snprintf
                0x0000000000000dbc                tfp_vsprintf
                0x0000000000000e04                tfp_sprintf
 .text          0x0000000000000e3c      0x5d8 /opt/riscv32i/lib/gcc/riscv32-unknown-elf/10.2.0/libgcc.a(_udivdi3.o)
                0x0000000000000e3c                __udivdi3
 .text          0x0000000000001414      0x4f0 /opt/riscv32i/lib/gcc/riscv32-unknown-elf/10.2.0/libgcc.a(_umoddi3.o)
                0x0000000000001414                __umoddi3
 .text          0x0000000000001904       0x24 /opt/riscv32i/lib/gcc/riscv32-unknown-elf/10.2.0/libgcc.a(muldi3.o)
                0x0000000000001904                __mulsi3
 .text          0x0000000000001928       0xb4 /opt/riscv32i/lib/gcc/riscv32-unknown-elf/10.2.0/libgcc.a(div.o)
                0x0000000000001928                __divsi3
                0x0000000000001930                __udivsi3
                0x0000000000001978                __umodsi3
                0x00000000000019ac                __modsi3
 .text          0x00000000000019dc        0x0 /opt/riscv32i/lib/gcc/riscv32-unknown-elf/10.2.0/libgcc.a(_clz.o)
                0x00000000000019dc                end = .
                0x00000000000019dc                . = ALIGN (0x4)

.text.startup   0x00000000000019dc       0xbc
 .text.startup  0x00000000000019dc       0xbc rom.o
                0x00000000000019dc                main

.rodata         0x0000000000001a98      0x1fc
 *(.rdata)
 *(.rodata .rodata.*)
 .rodata        0x0000000000001a98       0xa2 rom.o
 *fill*         0x0000000000001b3a        0x2 
 .rodata        0x0000000000001b3c       0x58 tinyprintf.o
 .rodata        0x0000000000001b94      0x100 /opt/riscv32i/lib/gcc/riscv32-unknown-elf/10.2.0/libgcc.a(_clz.o)
                0x0000000000001b94                __clz_tab
 *(.gnu.linkonce.r.*)

.eh_frame       0x0000000000001c94       0xb0
 .eh_frame      0x0000000000001c94       0x60 /opt/riscv32i/lib/gcc/riscv32-unknown-elf/10.2.0/libgcc.a(_udivdi3.o)
 .eh_frame      0x0000000000001cf4       0x50 /opt/riscv32i/lib/gcc/riscv32-unknown-elf/10.2.0/libgcc.a(_umoddi3.o)
                                         0x64 (size before relaxing)

.rela.dyn       0x0000000000001d44        0x0
 .rela.text     0x0000000000001d44        0x0 crt.o

.noinit         0x0000000000001d44        0x0
                0x0000000000001d44                . = ALIGN (0x4)
 *(.noinit .noinit.*)
                0x0000000000001d44                . = ALIGN (0x4)

.data           0x0000000000001d44        0x4
 *(.rdata)
 *(.rodata .rodata.*)
 *(.gnu.linkonce.r.*)
 *(.data .data.*)
 .data          0x0000000000001d44        0x0 crt.o
 .data          0x0000000000001d44        0x0 rom.o
 .data          0x0000000000001d44        0x0 tinyprintf.o
 .data          0x0000000000001d44        0x0 /opt/riscv32i/lib/gcc/riscv32-unknown-elf/10.2.0/libgcc.a(_udivdi3.o)
 .data          0x0000000000001d44        0x0 /opt/riscv32i/lib/gcc/riscv32-unknown-elf/10.2.0/libgcc.a(_umoddi3.o)
 .data          0x0000000000001d44        0x0 /opt/riscv32i/lib/gcc/riscv32-unknown-elf/10.2.0/libgcc.a(muldi3.o)
 .data          0x0000000000001d44        0x0 /opt/riscv32i/lib/gcc/riscv32-unknown-elf/10.2.0/libgcc.a(div.o)
 .data          0x0000000000001d44        0x0 /opt/riscv32i/lib/gcc/riscv32-unknown-elf/10.2.0/libgcc.a(_clz.o)
 *(.gnu.linkonce.d.*)
                0x0000000000001d48                . = ALIGN (0x8)
 *fill*         0x0000000000001d44        0x4 
                0x0000000000002548                PROVIDE (__global_pointer$ = (. + 0x800))
 *(.sdata .sdata.*)
 *(.gnu.linkonce.s.*)
                0x0000000000001d48                . = ALIGN (0x8)
 *(.srodata.cst16)
 *(.srodata.cst8)
 *(.srodata.cst4)
 *(.srodata.cst2)
 *(.srodata .srodata.*)

._stack         0x0000000080000000      0x400
                0x0000000080000000                . = ALIGN (0x10)
                [!provide]                        PROVIDE (_stack_end = .)
                0x0000000080000400                . = (. + _stack_size)
 *fill*         0x0000000080000000      0x400 
                0x0000000080000400                . = ALIGN (0x10)
                0x0000000080000400                PROVIDE (_stack_start = .)

.bss            0x0000000080000400       0x70
                0x0000000080000400                . = ALIGN (0x4)
                0x0000000080000400                _bss_start = .
 *(.sbss*)
 .sbss          0x0000000080000400        0x8 rom.o
                0x0000000080000400                tick
 .sbss          0x0000000080000408        0x8 tinyprintf.o
 *(.gnu.linkonce.sb.*)
 *(.bss .bss.*)
 .bss           0x0000000080000410        0x0 crt.o
 .bss           0x0000000080000410       0x60 rom.o
 .bss           0x0000000080000470        0x0 tinyprintf.o
 .bss           0x0000000080000470        0x0 /opt/riscv32i/lib/gcc/riscv32-unknown-elf/10.2.0/libgcc.a(_udivdi3.o)
 .bss           0x0000000080000470        0x0 /opt/riscv32i/lib/gcc/riscv32-unknown-elf/10.2.0/libgcc.a(_umoddi3.o)
 .bss           0x0000000080000470        0x0 /opt/riscv32i/lib/gcc/riscv32-unknown-elf/10.2.0/libgcc.a(muldi3.o)
 .bss           0x0000000080000470        0x0 /opt/riscv32i/lib/gcc/riscv32-unknown-elf/10.2.0/libgcc.a(div.o)
 .bss           0x0000000080000470        0x0 /opt/riscv32i/lib/gcc/riscv32-unknown-elf/10.2.0/libgcc.a(_clz.o)
 *(.gnu.linkonce.b.*)
 *(COMMON)
                0x0000000080000470                . = ALIGN (0x4)
                0x0000000080000470                _bss_end = .

.ctors          0x0000000080000470        0x0
                0x0000000080000470                . = ALIGN (0x4)
                0x0000000080000470                _ctors_start = .
 *(.init_array*)
 *(SORT_BY_NAME(.ctors.*))
 *(.ctors)
                0x0000000080000470                . = ALIGN (0x4)
                0x0000000080000470                _ctors_end = .
                [!provide]                        PROVIDE (END_OF_SW_IMAGE = .)

._user_heap     0x0000000080000470      0x400
                0x0000000080000470                . = ALIGN (0x8)
                [!provide]                        PROVIDE (end = .)
                [!provide]                        PROVIDE (_end = .)
                [!provide]                        PROVIDE (_heap_start = .)
                0x0000000080000870                . = (. + _heap_size)
 *fill*         0x0000000080000470      0x400 
                0x0000000080000870                . = ALIGN (0x8)
                [!provide]                        PROVIDE (_heap_end = .)
LOAD /opt/riscv32i/lib/gcc/riscv32-unknown-elf/10.2.0/libgcc.a
START GROUP
LOAD /opt/riscv32i/lib/gcc/riscv32-unknown-elf/10.2.0/../../../../riscv32-unknown-elf/lib/libc.a
LOAD /opt/riscv32i/lib/gcc/riscv32-unknown-elf/10.2.0/../../../../riscv32-unknown-elf/lib/libgloss.a
END GROUP
LOAD /opt/riscv32i/lib/gcc/riscv32-unknown-elf/10.2.0/libgcc.a
OUTPUT(boot.elf elf32-littleriscv)

.riscv.attributes
                0x0000000000000000       0x25
 .riscv.attributes
                0x0000000000000000       0x23 crt.o
 .riscv.attributes
                0x0000000000000023       0x25 rom.o
 .riscv.attributes
                0x0000000000000048       0x21 tinyprintf.o
 .riscv.attributes
                0x0000000000000069       0x1c /opt/riscv32i/lib/gcc/riscv32-unknown-elf/10.2.0/libgcc.a(_udivdi3.o)
 .riscv.attributes
                0x0000000000000085       0x1c /opt/riscv32i/lib/gcc/riscv32-unknown-elf/10.2.0/libgcc.a(_umoddi3.o)
 .riscv.attributes
                0x00000000000000a1       0x1a /opt/riscv32i/lib/gcc/riscv32-unknown-elf/10.2.0/libgcc.a(muldi3.o)
 .riscv.attributes
                0x00000000000000bb       0x1a /opt/riscv32i/lib/gcc/riscv32-unknown-elf/10.2.0/libgcc.a(div.o)
 .riscv.attributes
                0x00000000000000d5       0x1c /opt/riscv32i/lib/gcc/riscv32-unknown-elf/10.2.0/libgcc.a(_clz.o)

.comment        0x0000000000000000       0x12
 .comment       0x0000000000000000       0x12 rom.o
                                         0x13 (size before relaxing)
 .comment       0x0000000000000012       0x13 tinyprintf.o
 .comment       0x0000000000000012       0x13 /opt/riscv32i/lib/gcc/riscv32-unknown-elf/10.2.0/libgcc.a(_udivdi3.o)
 .comment       0x0000000000000012       0x13 /opt/riscv32i/lib/gcc/riscv32-unknown-elf/10.2.0/libgcc.a(_umoddi3.o)
 .comment       0x0000000000000012       0x13 /opt/riscv32i/lib/gcc/riscv32-unknown-elf/10.2.0/libgcc.a(_clz.o)

.debug_info     0x0000000000000000     0x147f
 .debug_info    0x0000000000000000      0x9a6 /opt/riscv32i/lib/gcc/riscv32-unknown-elf/10.2.0/libgcc.a(_udivdi3.o)
 .debug_info    0x00000000000009a6      0x9b6 /opt/riscv32i/lib/gcc/riscv32-unknown-elf/10.2.0/libgcc.a(_umoddi3.o)
 .debug_info    0x000000000000135c       0x26 /opt/riscv32i/lib/gcc/riscv32-unknown-elf/10.2.0/libgcc.a(muldi3.o)
 .debug_info    0x0000000000001382       0x26 /opt/riscv32i/lib/gcc/riscv32-unknown-elf/10.2.0/libgcc.a(div.o)
 .debug_info    0x00000000000013a8       0xd7 /opt/riscv32i/lib/gcc/riscv32-unknown-elf/10.2.0/libgcc.a(_clz.o)

.debug_abbrev   0x0000000000000000      0x427
 .debug_abbrev  0x0000000000000000      0x1be /opt/riscv32i/lib/gcc/riscv32-unknown-elf/10.2.0/libgcc.a(_udivdi3.o)
 .debug_abbrev  0x00000000000001be      0x1d1 /opt/riscv32i/lib/gcc/riscv32-unknown-elf/10.2.0/libgcc.a(_umoddi3.o)
 .debug_abbrev  0x000000000000038f       0x14 /opt/riscv32i/lib/gcc/riscv32-unknown-elf/10.2.0/libgcc.a(muldi3.o)
 .debug_abbrev  0x00000000000003a3       0x14 /opt/riscv32i/lib/gcc/riscv32-unknown-elf/10.2.0/libgcc.a(div.o)
 .debug_abbrev  0x00000000000003b7       0x70 /opt/riscv32i/lib/gcc/riscv32-unknown-elf/10.2.0/libgcc.a(_clz.o)

.debug_loc      0x0000000000000000     0x13ed
 .debug_loc     0x0000000000000000      0xb0c /opt/riscv32i/lib/gcc/riscv32-unknown-elf/10.2.0/libgcc.a(_udivdi3.o)
 .debug_loc     0x0000000000000b0c      0x8e1 /opt/riscv32i/lib/gcc/riscv32-unknown-elf/10.2.0/libgcc.a(_umoddi3.o)

.debug_aranges  0x0000000000000000       0x98
 .debug_aranges
                0x0000000000000000       0x20 /opt/riscv32i/lib/gcc/riscv32-unknown-elf/10.2.0/libgcc.a(_udivdi3.o)
 .debug_aranges
                0x0000000000000020       0x20 /opt/riscv32i/lib/gcc/riscv32-unknown-elf/10.2.0/libgcc.a(_umoddi3.o)
 .debug_aranges
                0x0000000000000040       0x20 /opt/riscv32i/lib/gcc/riscv32-unknown-elf/10.2.0/libgcc.a(muldi3.o)
 .debug_aranges
                0x0000000000000060       0x20 /opt/riscv32i/lib/gcc/riscv32-unknown-elf/10.2.0/libgcc.a(div.o)
 .debug_aranges
                0x0000000000000080       0x18 /opt/riscv32i/lib/gcc/riscv32-unknown-elf/10.2.0/libgcc.a(_clz.o)

.debug_ranges   0x0000000000000000      0x200
 .debug_ranges  0x0000000000000000      0x118 /opt/riscv32i/lib/gcc/riscv32-unknown-elf/10.2.0/libgcc.a(_udivdi3.o)
 .debug_ranges  0x0000000000000118       0xe8 /opt/riscv32i/lib/gcc/riscv32-unknown-elf/10.2.0/libgcc.a(_umoddi3.o)

.debug_line     0x0000000000000000     0x11a0
 .debug_line    0x0000000000000000      0x784 /opt/riscv32i/lib/gcc/riscv32-unknown-elf/10.2.0/libgcc.a(_udivdi3.o)
 .debug_line    0x0000000000000784      0x7cc /opt/riscv32i/lib/gcc/riscv32-unknown-elf/10.2.0/libgcc.a(_umoddi3.o)
 .debug_line    0x0000000000000f50       0x93 /opt/riscv32i/lib/gcc/riscv32-unknown-elf/10.2.0/libgcc.a(muldi3.o)
 .debug_line    0x0000000000000fe3      0x169 /opt/riscv32i/lib/gcc/riscv32-unknown-elf/10.2.0/libgcc.a(div.o)
 .debug_line    0x000000000000114c       0x54 /opt/riscv32i/lib/gcc/riscv32-unknown-elf/10.2.0/libgcc.a(_clz.o)

.debug_str      0x0000000000000000      0x3bf
 .debug_str     0x0000000000000000      0x299 /opt/riscv32i/lib/gcc/riscv32-unknown-elf/10.2.0/libgcc.a(_udivdi3.o)
                                        0x2f9 (size before relaxing)
 .debug_str     0x0000000000000299        0xa /opt/riscv32i/lib/gcc/riscv32-unknown-elf/10.2.0/libgcc.a(_umoddi3.o)
                                        0x2f9 (size before relaxing)
 .debug_str     0x00000000000002a3       0x3f /opt/riscv32i/lib/gcc/riscv32-unknown-elf/10.2.0/libgcc.a(muldi3.o)
                                         0x9d (size before relaxing)
 .debug_str     0x00000000000002e2       0x30 /opt/riscv32i/lib/gcc/riscv32-unknown-elf/10.2.0/libgcc.a(div.o)
                                         0x9a (size before relaxing)
 .debug_str     0x0000000000000312       0xad /opt/riscv32i/lib/gcc/riscv32-unknown-elf/10.2.0/libgcc.a(_clz.o)
                                        0x217 (size before relaxing)
