Archive member included to satisfy reference by file (symbol)

/opt/riscv32i/lib/gcc/riscv32-unknown-elf/10.2.0/libgcc.a(_udivdi3.o)
                              tinyprintf.o (__udivdi3)
/opt/riscv32i/lib/gcc/riscv32-unknown-elf/10.2.0/libgcc.a(_umoddi3.o)
                              tinyprintf.o (__umoddi3)
/opt/riscv32i/lib/gcc/riscv32-unknown-elf/10.2.0/libgcc.a(muldi3.o)
                              /opt/riscv32i/lib/gcc/riscv32-unknown-elf/10.2.0/libgcc.a(_udivdi3.o) (__mulsi3)
/opt/riscv32i/lib/gcc/riscv32-unknown-elf/10.2.0/libgcc.a(div.o)
                              /opt/riscv32i/lib/gcc/riscv32-unknown-elf/10.2.0/libgcc.a(_udivdi3.o) (__divsi3)
/opt/riscv32i/lib/gcc/riscv32-unknown-elf/10.2.0/libgcc.a(_clz.o)
                              /opt/riscv32i/lib/gcc/riscv32-unknown-elf/10.2.0/libgcc.a(_udivdi3.o) (__clz_tab)

Memory Configuration

Name             Origin             Length             Attributes
ROM              0x0000000000000000 0x0000000000004000 xr
RAM              0x0000000080000000 0x0000000000002000 xrw
*default*        0x0000000000000000 0xffffffffffffffff

Linker script and memory map

LOAD crt.o
LOAD rom.o
LOAD tinyprintf.o
                0x0000000000000200                _stack_size = DEFINED (_stack_size)?_stack_size:0x200
                0x0000000000000400                _heap_size = DEFINED (_heap_size)?_heap_size:0x400

._vector        0x0000000000000000      0x19c
 *crt.o(.start_jump)
 .start_jump    0x0000000000000000       0x28 crt.o
                0x0000000000000000                crtStart
 *crt.o(.text)
 *fill*         0x0000000000000028       0x18 
 .text          0x0000000000000040      0x15c crt.o
                0x0000000000000040                trap_entry

.program        0x000000000000019c     0x1534
                0x000000000000019c                . = ALIGN (0x4)
 *(.text)
 .text          0x000000000000019c       0x6c rom.o
                0x00000000000001ec                _putc
                0x0000000000000204                irqCallback
 .text          0x0000000000000208      0x928 tinyprintf.o
                0x0000000000000608                tfp_format
                0x00000000000009bc                init_printf
                0x00000000000009d0                tfp_printf
                0x0000000000000a20                tfp_vsnprintf
                0x0000000000000a80                tfp_snprintf
                0x0000000000000ab4                tfp_vsprintf
                0x0000000000000af8                tfp_sprintf
 .text          0x0000000000000b30      0x5d8 /opt/riscv32i/lib/gcc/riscv32-unknown-elf/10.2.0/libgcc.a(_udivdi3.o)
                0x0000000000000b30                __udivdi3
 .text          0x0000000000001108      0x4f0 /opt/riscv32i/lib/gcc/riscv32-unknown-elf/10.2.0/libgcc.a(_umoddi3.o)
                0x0000000000001108                __umoddi3
 .text          0x00000000000015f8       0x24 /opt/riscv32i/lib/gcc/riscv32-unknown-elf/10.2.0/libgcc.a(muldi3.o)
                0x00000000000015f8                __mulsi3
 .text          0x000000000000161c       0xb4 /opt/riscv32i/lib/gcc/riscv32-unknown-elf/10.2.0/libgcc.a(div.o)
                0x000000000000161c                __divsi3
                0x0000000000001624                __udivsi3
                0x000000000000166c                __umodsi3
                0x00000000000016a0                __modsi3
 .text          0x00000000000016d0        0x0 /opt/riscv32i/lib/gcc/riscv32-unknown-elf/10.2.0/libgcc.a(_clz.o)
                0x00000000000016d0                end = .
                0x00000000000016d0                . = ALIGN (0x4)

.text.startup   0x00000000000016d0      0x178
 .text.startup  0x00000000000016d0      0x178 rom.o
                0x00000000000016d0                main

.rodata         0x0000000000001848      0x194
 *(.rdata)
 *(.rodata .rodata.*)
 .rodata        0x0000000000001848       0x3b rom.o
 *fill*         0x0000000000001883        0x1 
 .rodata        0x0000000000001884       0x58 tinyprintf.o
 .rodata        0x00000000000018dc      0x100 /opt/riscv32i/lib/gcc/riscv32-unknown-elf/10.2.0/libgcc.a(_clz.o)
                0x00000000000018dc                __clz_tab
 *(.gnu.linkonce.r.*)

.eh_frame       0x00000000000019dc       0xb0
 .eh_frame      0x00000000000019dc       0x60 /opt/riscv32i/lib/gcc/riscv32-unknown-elf/10.2.0/libgcc.a(_udivdi3.o)
 .eh_frame      0x0000000000001a3c       0x50 /opt/riscv32i/lib/gcc/riscv32-unknown-elf/10.2.0/libgcc.a(_umoddi3.o)
                                         0x64 (size before relaxing)

.rela.dyn       0x0000000000001a8c        0x0
 .rela.text     0x0000000000001a8c        0x0 crt.o

.noinit         0x0000000000001a8c        0x0
                0x0000000000001a8c                . = ALIGN (0x4)
 *(.noinit .noinit.*)
                0x0000000000001a8c                . = ALIGN (0x4)

.data           0x0000000000001a8c        0x4
 *(.rdata)
 *(.rodata .rodata.*)
 *(.gnu.linkonce.r.*)
 *(.data .data.*)
 .data          0x0000000000001a8c        0x0 crt.o
 .data          0x0000000000001a8c        0x0 rom.o
 .data          0x0000000000001a8c        0x0 tinyprintf.o
 .data          0x0000000000001a8c        0x0 /opt/riscv32i/lib/gcc/riscv32-unknown-elf/10.2.0/libgcc.a(_udivdi3.o)
 .data          0x0000000000001a8c        0x0 /opt/riscv32i/lib/gcc/riscv32-unknown-elf/10.2.0/libgcc.a(_umoddi3.o)
 .data          0x0000000000001a8c        0x0 /opt/riscv32i/lib/gcc/riscv32-unknown-elf/10.2.0/libgcc.a(muldi3.o)
 .data          0x0000000000001a8c        0x0 /opt/riscv32i/lib/gcc/riscv32-unknown-elf/10.2.0/libgcc.a(div.o)
 .data          0x0000000000001a8c        0x0 /opt/riscv32i/lib/gcc/riscv32-unknown-elf/10.2.0/libgcc.a(_clz.o)
 *(.gnu.linkonce.d.*)
                0x0000000000001a90                . = ALIGN (0x8)
 *fill*         0x0000000000001a8c        0x4 
                0x0000000000002290                PROVIDE (__global_pointer$ = (. + 0x800))
 *(.sdata .sdata.*)
 *(.gnu.linkonce.s.*)
                0x0000000000001a90                . = ALIGN (0x8)
 *(.srodata.cst16)
 *(.srodata.cst8)
 *(.srodata.cst4)
 *(.srodata.cst2)
 *(.srodata .srodata.*)

._stack         0x0000000080000000      0x200
                0x0000000080000000                . = ALIGN (0x10)
                [!provide]                        PROVIDE (_stack_end = .)
                0x0000000080000200                . = (. + _stack_size)
 *fill*         0x0000000080000000      0x200 
                0x0000000080000200                . = ALIGN (0x10)
                0x0000000080000200                PROVIDE (_stack_start = .)

.bss            0x0000000080000200        0x8
                0x0000000080000200                . = ALIGN (0x4)
                0x0000000080000200                _bss_start = .
 *(.sbss*)
 .sbss          0x0000000080000200        0x8 tinyprintf.o
 *(.gnu.linkonce.sb.*)
 *(.bss .bss.*)
 .bss           0x0000000080000208        0x0 crt.o
 .bss           0x0000000080000208        0x0 rom.o
 .bss           0x0000000080000208        0x0 tinyprintf.o
 .bss           0x0000000080000208        0x0 /opt/riscv32i/lib/gcc/riscv32-unknown-elf/10.2.0/libgcc.a(_udivdi3.o)
 .bss           0x0000000080000208        0x0 /opt/riscv32i/lib/gcc/riscv32-unknown-elf/10.2.0/libgcc.a(_umoddi3.o)
 .bss           0x0000000080000208        0x0 /opt/riscv32i/lib/gcc/riscv32-unknown-elf/10.2.0/libgcc.a(muldi3.o)
 .bss           0x0000000080000208        0x0 /opt/riscv32i/lib/gcc/riscv32-unknown-elf/10.2.0/libgcc.a(div.o)
 .bss           0x0000000080000208        0x0 /opt/riscv32i/lib/gcc/riscv32-unknown-elf/10.2.0/libgcc.a(_clz.o)
 *(.gnu.linkonce.b.*)
 *(COMMON)
                0x0000000080000208                . = ALIGN (0x4)
                0x0000000080000208                _bss_end = .

.ctors          0x0000000080000208        0x0
                0x0000000080000208                . = ALIGN (0x4)
                0x0000000080000208                _ctors_start = .
 *(.init_array*)
 *(SORT_BY_NAME(.ctors.*))
 *(.ctors)
                0x0000000080000208                . = ALIGN (0x4)
                0x0000000080000208                _ctors_end = .
                [!provide]                        PROVIDE (END_OF_SW_IMAGE = .)

._user_heap     0x0000000080000208      0x400
                0x0000000080000208                . = ALIGN (0x8)
                [!provide]                        PROVIDE (end = .)
                [!provide]                        PROVIDE (_end = .)
                [!provide]                        PROVIDE (_heap_start = .)
                0x0000000080000608                . = (. + _heap_size)
 *fill*         0x0000000080000208      0x400 
                0x0000000080000608                . = ALIGN (0x8)
                [!provide]                        PROVIDE (_heap_end = .)
LOAD /opt/riscv32i/lib/gcc/riscv32-unknown-elf/10.2.0/libgcc.a
START GROUP
LOAD /opt/riscv32i/lib/gcc/riscv32-unknown-elf/10.2.0/../../../../riscv32-unknown-elf/lib/libc.a
LOAD /opt/riscv32i/lib/gcc/riscv32-unknown-elf/10.2.0/../../../../riscv32-unknown-elf/lib/libgloss.a
END GROUP
LOAD /opt/riscv32i/lib/gcc/riscv32-unknown-elf/10.2.0/libgcc.a
OUTPUT(boot.elf elf32-littleriscv)

.riscv.attributes
                0x0000000000000000       0x25
 .riscv.attributes
                0x0000000000000000       0x23 crt.o
 .riscv.attributes
                0x0000000000000023       0x21 rom.o
 .riscv.attributes
                0x0000000000000044       0x21 tinyprintf.o
 .riscv.attributes
                0x0000000000000065       0x1c /opt/riscv32i/lib/gcc/riscv32-unknown-elf/10.2.0/libgcc.a(_udivdi3.o)
 .riscv.attributes
                0x0000000000000081       0x1c /opt/riscv32i/lib/gcc/riscv32-unknown-elf/10.2.0/libgcc.a(_umoddi3.o)
 .riscv.attributes
                0x000000000000009d       0x1a /opt/riscv32i/lib/gcc/riscv32-unknown-elf/10.2.0/libgcc.a(muldi3.o)
 .riscv.attributes
                0x00000000000000b7       0x1a /opt/riscv32i/lib/gcc/riscv32-unknown-elf/10.2.0/libgcc.a(div.o)
 .riscv.attributes
                0x00000000000000d1       0x1c /opt/riscv32i/lib/gcc/riscv32-unknown-elf/10.2.0/libgcc.a(_clz.o)

.comment        0x0000000000000000       0x12
 .comment       0x0000000000000000       0x12 rom.o
                                         0x13 (size before relaxing)
 .comment       0x0000000000000012       0x13 tinyprintf.o
 .comment       0x0000000000000012       0x13 /opt/riscv32i/lib/gcc/riscv32-unknown-elf/10.2.0/libgcc.a(_udivdi3.o)
 .comment       0x0000000000000012       0x13 /opt/riscv32i/lib/gcc/riscv32-unknown-elf/10.2.0/libgcc.a(_umoddi3.o)
 .comment       0x0000000000000012       0x13 /opt/riscv32i/lib/gcc/riscv32-unknown-elf/10.2.0/libgcc.a(_clz.o)

.debug_info     0x0000000000000000     0x147f
 .debug_info    0x0000000000000000      0x9a6 /opt/riscv32i/lib/gcc/riscv32-unknown-elf/10.2.0/libgcc.a(_udivdi3.o)
 .debug_info    0x00000000000009a6      0x9b6 /opt/riscv32i/lib/gcc/riscv32-unknown-elf/10.2.0/libgcc.a(_umoddi3.o)
 .debug_info    0x000000000000135c       0x26 /opt/riscv32i/lib/gcc/riscv32-unknown-elf/10.2.0/libgcc.a(muldi3.o)
 .debug_info    0x0000000000001382       0x26 /opt/riscv32i/lib/gcc/riscv32-unknown-elf/10.2.0/libgcc.a(div.o)
 .debug_info    0x00000000000013a8       0xd7 /opt/riscv32i/lib/gcc/riscv32-unknown-elf/10.2.0/libgcc.a(_clz.o)

.debug_abbrev   0x0000000000000000      0x427
 .debug_abbrev  0x0000000000000000      0x1be /opt/riscv32i/lib/gcc/riscv32-unknown-elf/10.2.0/libgcc.a(_udivdi3.o)
 .debug_abbrev  0x00000000000001be      0x1d1 /opt/riscv32i/lib/gcc/riscv32-unknown-elf/10.2.0/libgcc.a(_umoddi3.o)
 .debug_abbrev  0x000000000000038f       0x14 /opt/riscv32i/lib/gcc/riscv32-unknown-elf/10.2.0/libgcc.a(muldi3.o)
 .debug_abbrev  0x00000000000003a3       0x14 /opt/riscv32i/lib/gcc/riscv32-unknown-elf/10.2.0/libgcc.a(div.o)
 .debug_abbrev  0x00000000000003b7       0x70 /opt/riscv32i/lib/gcc/riscv32-unknown-elf/10.2.0/libgcc.a(_clz.o)

.debug_loc      0x0000000000000000     0x13ed
 .debug_loc     0x0000000000000000      0xb0c /opt/riscv32i/lib/gcc/riscv32-unknown-elf/10.2.0/libgcc.a(_udivdi3.o)
 .debug_loc     0x0000000000000b0c      0x8e1 /opt/riscv32i/lib/gcc/riscv32-unknown-elf/10.2.0/libgcc.a(_umoddi3.o)

.debug_aranges  0x0000000000000000       0x98
 .debug_aranges
                0x0000000000000000       0x20 /opt/riscv32i/lib/gcc/riscv32-unknown-elf/10.2.0/libgcc.a(_udivdi3.o)
 .debug_aranges
                0x0000000000000020       0x20 /opt/riscv32i/lib/gcc/riscv32-unknown-elf/10.2.0/libgcc.a(_umoddi3.o)
 .debug_aranges
                0x0000000000000040       0x20 /opt/riscv32i/lib/gcc/riscv32-unknown-elf/10.2.0/libgcc.a(muldi3.o)
 .debug_aranges
                0x0000000000000060       0x20 /opt/riscv32i/lib/gcc/riscv32-unknown-elf/10.2.0/libgcc.a(div.o)
 .debug_aranges
                0x0000000000000080       0x18 /opt/riscv32i/lib/gcc/riscv32-unknown-elf/10.2.0/libgcc.a(_clz.o)

.debug_ranges   0x0000000000000000      0x200
 .debug_ranges  0x0000000000000000      0x118 /opt/riscv32i/lib/gcc/riscv32-unknown-elf/10.2.0/libgcc.a(_udivdi3.o)
 .debug_ranges  0x0000000000000118       0xe8 /opt/riscv32i/lib/gcc/riscv32-unknown-elf/10.2.0/libgcc.a(_umoddi3.o)

.debug_line     0x0000000000000000     0x11a0
 .debug_line    0x0000000000000000      0x784 /opt/riscv32i/lib/gcc/riscv32-unknown-elf/10.2.0/libgcc.a(_udivdi3.o)
 .debug_line    0x0000000000000784      0x7cc /opt/riscv32i/lib/gcc/riscv32-unknown-elf/10.2.0/libgcc.a(_umoddi3.o)
 .debug_line    0x0000000000000f50       0x93 /opt/riscv32i/lib/gcc/riscv32-unknown-elf/10.2.0/libgcc.a(muldi3.o)
 .debug_line    0x0000000000000fe3      0x169 /opt/riscv32i/lib/gcc/riscv32-unknown-elf/10.2.0/libgcc.a(div.o)
 .debug_line    0x000000000000114c       0x54 /opt/riscv32i/lib/gcc/riscv32-unknown-elf/10.2.0/libgcc.a(_clz.o)

.debug_str      0x0000000000000000      0x3bf
 .debug_str     0x0000000000000000      0x299 /opt/riscv32i/lib/gcc/riscv32-unknown-elf/10.2.0/libgcc.a(_udivdi3.o)
                                        0x2f9 (size before relaxing)
 .debug_str     0x0000000000000299        0xa /opt/riscv32i/lib/gcc/riscv32-unknown-elf/10.2.0/libgcc.a(_umoddi3.o)
                                        0x2f9 (size before relaxing)
 .debug_str     0x00000000000002a3       0x3f /opt/riscv32i/lib/gcc/riscv32-unknown-elf/10.2.0/libgcc.a(muldi3.o)
                                         0x9d (size before relaxing)
 .debug_str     0x00000000000002e2       0x30 /opt/riscv32i/lib/gcc/riscv32-unknown-elf/10.2.0/libgcc.a(div.o)
                                         0x9a (size before relaxing)
 .debug_str     0x0000000000000312       0xad /opt/riscv32i/lib/gcc/riscv32-unknown-elf/10.2.0/libgcc.a(_clz.o)
                                        0x217 (size before relaxing)
